﻿
> build
> vite build

[36mvite v7.3.1 [32mbuilding client environment for production...[36m[39m
transforming...
[32mΓ£ô[39m 3 modules transformed.
npm : [31mΓ£ù[39m Build 
failed in 3.28s
At line:1 char:1
+ npm run build > 
build_output.txt 2>&1
+ ~~~~~~~~~~~~~~~~~~~~~~~~
~~~~~~~~~~~~~
    + CategoryInfo        
      : NotSpecified: (  
  [31mΓ£ù[39m Build fa   
 iled in 3.28s:String)    
 [], RemoteException
    + FullyQualifiedError 
   Id : NativeCommandErr  
  or
 
[31merror during build:
[31m[vite]: Rollup 
failed to resolve import "
/js/offline/offline-db.js"
 from "C:/Users/hp/Downloa
ds/Denb-main/hr-callcenter
-system/resources/js/app.j
s".
This is most likely 
unintended because it can 
break your application at 
runtime.
If you do want to 
externalize this module 
explicitly add it to
`build.rollupOptions.exter
nal`[31m
    at viteLog (file:///C:
/Users/hp/Downloads/Denb-m
ain/hr-callcenter-system/n
ode_modules/vite/dist/node
/chunks/config.js:33635:57
)
    at onRollupLog (file:/
//C:/Users/hp/Downloads/De
nb-main/hr-callcenter-syst
em/node_modules/vite/dist/
node/chunks/config.js:3366
5:7)
    at onLog (file:///C:/U
sers/hp/Downloads/Denb-mai
n/hr-callcenter-system/nod
e_modules/vite/dist/node/c
hunks/config.js:33467:4)
    at file:///C:/Users/hp
/Downloads/Denb-main/hr-ca
llcenter-system/node_modul
es/rollup/dist/es/shared/n
ode-entry.js:21028:32
    at Object.logger [as 
onLog] (file:///C:/Users/h
p/Downloads/Denb-main/hr-c
allcenter-system/node_modu
les/rollup/dist/es/shared/
node-entry.js:23023:9)
    at ModuleLoader.handle
InvalidResolvedId (file://
/C:/Users/hp/Downloads/Den
b-main/hr-callcenter-syste
m/node_modules/rollup/dist
/es/shared/node-entry.js:2
1767:26)
    at ModuleLoader.resolv
eDynamicImport (file:///C:
/Users/hp/Downloads/Denb-m
ain/hr-callcenter-system/n
ode_modules/rollup/dist/es
/shared/node-entry.js:2182
5:58)
    at async file:///C:/Us
ers/hp/Downloads/Denb-main
/hr-callcenter-system/node
_modules/rollup/dist/es/sh
ared/node-entry.js:21709:3
2[39m
